AVISO: SECRET_KEY não definida. Gerando chave temporária para desenvolvimento.
   Configure SECRET_KEY em variável de ambiente para produção!
Usando SQLite (desenvolvimento)
EMAIL: Modo desenvolvimento - emails serao exibidos no console
CORS: Modo desenvolvimento - permitindo todas as origens
Usando Redis para cache
Redis não disponível: Error 10061 connecting to localhost:6379. Nenhuma conexão pôde ser feita porque a máquina de destino as recusou ativamente.
Usando cache em memória para desenvolvimento
Django configurado - DEBUG: True, DB: django.db.backends.sqlite3
Performing system checks...

System check identified no issues (0 silenced).
January 14, 2026 - 14:38:50
Django version 5.2.6, using settings 'procon_system.settings'
Starting development server at http://127.0.0.1:8000/
Quit the server with CTRL-BREAK.

WARNING: This is a development server. Do not use it in a production setting. Use a production WSGI or ASGI server instead.
For more information on production servers see: https://docs.djangoproject.com/en/5.2/howto/deployment/
AVISO: SECRET_KEY não definida. Gerando chave temporária para desenvolvimento.
   Configure SECRET_KEY em variável de ambiente para produção!
Usando SQLite (desenvolvimento)
EMAIL: Modo desenvolvimento - emails serao exibidos no console
CORS: Modo desenvolvimento - permitindo todas as origens
Usando Redis para cache
Redis não disponível: Error 10061 connecting to localhost:6379. Nenhuma conexão pôde ser feita porque a máquina de destino as recusou ativamente.
Usando cache em memória para desenvolvimento
Django configurado - DEBUG: True, DB: django.db.backends.sqlite3
